 ⚠ "next start" does not work with "output: standalone" configuration. Use "node .next/standalone/server.js" instead.
> Ready on http://0.0.0.0:3000
> Socket.IO server running at ws://0.0.0.0:3000/api/socketio
prisma:query SELECT `main`.`owners`.`id`, `main`.`owners`.`phone`, `main`.`owners`.`name`, `main`.`owners`.`email`, `main`.`owners`.`role`, `main`.`owners`.`isActive`, `main`.`owners`.`createdAt`, `main`.`owners`.`lastLogin` FROM `main`.`owners` WHERE (`main`.`owners`.`id` = ? AND 1=1) LIMIT ? OFFSET ?
prisma:query SELECT COUNT(*) AS `_count$_all` FROM (SELECT `main`.`Vehicle`.`id` FROM `main`.`Vehicle` WHERE `main`.`Vehicle`.`ownerId` = ? LIMIT ? OFFSET ?) AS `sub`
prisma:query SELECT COUNT(*) AS `_count$_all` FROM (SELECT `main`.`Code`.`id` FROM `main`.`Code` WHERE `main`.`Code`.`ownerId` = ? LIMIT ? OFFSET ?) AS `sub`
prisma:query SELECT `main`.`Vehicle`.`id`, `main`.`Vehicle`.`ownerId`, `main`.`Vehicle`.`licensePlate`, `main`.`Vehicle`.`brand`, `main`.`Vehicle`.`model`, `main`.`Vehicle`.`color`, `main`.`Vehicle`.`dingtalkWebhook`, `main`.`Vehicle`.`dingtalkSign`, `main`.`Vehicle`.`dingtalkKeyword`, `main`.`Vehicle`.`dingtalkSecret`, `main`.`Vehicle`.`wechatWebhook`, `main`.`Vehicle`.`createdAt`, `main`.`Vehicle`.`updatedAt`, COALESCE(`aggr_selection_0_Code`.`_aggr_count_codes`, 0) AS `_aggr_count_codes` FROM `main`.`Vehicle` LEFT JOIN (SELECT `main`.`Code`.`vehicleId`, COUNT(*) AS `_aggr_count_codes` FROM `main`.`Code` WHERE 1=1 GROUP BY `main`.`Code`.`vehicleId`) AS `aggr_selection_0_Code` ON (`main`.`Vehicle`.`id` = `aggr_selection_0_Code`.`vehicleId`) WHERE `main`.`Vehicle`.`ownerId` = ? ORDER BY `main`.`Vehicle`.`createdAt` DESC LIMIT ? OFFSET ?
prisma:query SELECT `main`.`owners`.`id`, `main`.`owners`.`name`, `main`.`owners`.`phone` FROM `main`.`owners` WHERE `main`.`owners`.`id` IN (?) LIMIT ? OFFSET ?
prisma:query SELECT `main`.`Code`.`id`, `main`.`Code`.`vehicleId`, `main`.`Code`.`ownerId`, `main`.`Code`.`code`, `main`.`Code`.`isActive`, `main`.`Code`.`createdAt`, `main`.`Code`.`updatedAt`, `main`.`Code`.`expiredAt` FROM `main`.`Code` WHERE `main`.`Code`.`vehicleId` IN (?) LIMIT ? OFFSET ?
prisma:query SELECT `main`.`records`.`id`, `main`.`records`.`codeId`, `main`.`records`.`ownerId`, `main`.`records`.`scanTime`, `main`.`records`.`ipAddress`, `main`.`records`.`userAgent`, `main`.`records`.`location`, `main`.`records`.`message`, `main`.`records`.`createdAt` FROM `main`.`records` WHERE `main`.`records`.`codeId` IN (?) ORDER BY `main`.`records`.`createdAt` DESC LIMIT ? OFFSET ?
prisma:query SELECT `main`.`Code`.`id`, `main`.`Code`.`vehicleId`, `main`.`Code`.`ownerId`, `main`.`Code`.`code`, `main`.`Code`.`isActive`, `main`.`Code`.`createdAt`, `main`.`Code`.`updatedAt`, `main`.`Code`.`expiredAt`, COALESCE(`aggr_selection_0_Record`.`_aggr_count_records`, 0) AS `_aggr_count_records` FROM `main`.`Code` LEFT JOIN (SELECT `main`.`records`.`codeId`, COUNT(*) AS `_aggr_count_records` FROM `main`.`records` WHERE 1=1 GROUP BY `main`.`records`.`codeId`) AS `aggr_selection_0_Record` ON (`main`.`Code`.`id` = `aggr_selection_0_Record`.`codeId`) WHERE `main`.`Code`.`ownerId` = ? ORDER BY `main`.`Code`.`createdAt` DESC LIMIT ? OFFSET ?
prisma:query SELECT `main`.`Vehicle`.`id`, `main`.`Vehicle`.`ownerId`, `main`.`Vehicle`.`licensePlate`, `main`.`Vehicle`.`brand`, `main`.`Vehicle`.`model`, `main`.`Vehicle`.`color`, `main`.`Vehicle`.`dingtalkWebhook`, `main`.`Vehicle`.`dingtalkSign`, `main`.`Vehicle`.`dingtalkKeyword`, `main`.`Vehicle`.`dingtalkSecret`, `main`.`Vehicle`.`wechatWebhook`, `main`.`Vehicle`.`createdAt`, `main`.`Vehicle`.`updatedAt` FROM `main`.`Vehicle` WHERE `main`.`Vehicle`.`id` IN (?) LIMIT ? OFFSET ?
prisma:query SELECT `main`.`owners`.`id`, `main`.`owners`.`name`, `main`.`owners`.`phone` FROM `main`.`owners` WHERE `main`.`owners`.`id` IN (?) LIMIT ? OFFSET ?
prisma:query SELECT `main`.`owners`.`id`, `main`.`owners`.`name`, `main`.`owners`.`phone` FROM `main`.`owners` WHERE `main`.`owners`.`id` IN (?) LIMIT ? OFFSET ?
prisma:query SELECT `main`.`records`.`id`, `main`.`records`.`codeId`, `main`.`records`.`ownerId`, `main`.`records`.`scanTime`, `main`.`records`.`ipAddress`, `main`.`records`.`userAgent`, `main`.`records`.`location`, `main`.`records`.`message`, `main`.`records`.`createdAt` FROM `main`.`records` WHERE `main`.`records`.`codeId` IN (?) ORDER BY `main`.`records`.`createdAt` DESC LIMIT ? OFFSET ?
prisma:query SELECT 1
prisma:query SELECT `main`.`Code`.`id`, `main`.`Code`.`vehicleId`, `main`.`Code`.`ownerId`, `main`.`Code`.`code`, `main`.`Code`.`isActive`, `main`.`Code`.`createdAt`, `main`.`Code`.`updatedAt`, `main`.`Code`.`expiredAt` FROM `main`.`Code` WHERE (`main`.`Code`.`code` = ? AND 1=1) LIMIT ? OFFSET ?
prisma:query SELECT `main`.`Vehicle`.`id`, `main`.`Vehicle`.`ownerId`, `main`.`Vehicle`.`licensePlate`, `main`.`Vehicle`.`brand`, `main`.`Vehicle`.`model`, `main`.`Vehicle`.`color`, `main`.`Vehicle`.`dingtalkWebhook`, `main`.`Vehicle`.`dingtalkSign`, `main`.`Vehicle`.`dingtalkKeyword`, `main`.`Vehicle`.`dingtalkSecret`, `main`.`Vehicle`.`wechatWebhook`, `main`.`Vehicle`.`createdAt`, `main`.`Vehicle`.`updatedAt` FROM `main`.`Vehicle` WHERE `main`.`Vehicle`.`id` IN (?) LIMIT ? OFFSET ?
prisma:query SELECT `main`.`owners`.`id`, `main`.`owners`.`phone`, `main`.`owners`.`name` FROM `main`.`owners` WHERE `main`.`owners`.`id` IN (?) LIMIT ? OFFSET ?
prisma:query INSERT INTO `main`.`records` (`id`, `codeId`, `ownerId`, `scanTime`, `ipAddress`, `userAgent`, `message`, `createdAt`) VALUES (?,?,?,?,?,?,?,?) RETURNING `id` AS `id`, `codeId` AS `codeId`, `ownerId` AS `ownerId`, `scanTime` AS `scanTime`, `ipAddress` AS `ipAddress`, `userAgent` AS `userAgent`, `location` AS `location`, `message` AS `message`, `createdAt` AS `createdAt`
prisma:query SELECT `main`.`Vehicle`.`id`, `main`.`Vehicle`.`ownerId`, `main`.`Vehicle`.`licensePlate`, `main`.`Vehicle`.`brand`, `main`.`Vehicle`.`model`, `main`.`Vehicle`.`color`, `main`.`Vehicle`.`dingtalkWebhook`, `main`.`Vehicle`.`dingtalkSign`, `main`.`Vehicle`.`dingtalkKeyword`, `main`.`Vehicle`.`dingtalkSecret`, `main`.`Vehicle`.`wechatWebhook`, `main`.`Vehicle`.`createdAt`, `main`.`Vehicle`.`updatedAt` FROM `main`.`Vehicle` WHERE (`main`.`Vehicle`.`id` = ? AND 1=1) LIMIT ? OFFSET ?
prisma:query SELECT `main`.`owners`.`id`, `main`.`owners`.`name` FROM `main`.`owners` WHERE `main`.`owners`.`id` IN (?) LIMIT ? OFFSET ?
prisma:query SELECT `main`.`Code`.`id`, `main`.`Code`.`vehicleId`, `main`.`Code`.`ownerId`, `main`.`Code`.`code`, `main`.`Code`.`isActive`, `main`.`Code`.`createdAt`, `main`.`Code`.`updatedAt`, `main`.`Code`.`expiredAt` FROM `main`.`Code` WHERE `main`.`Code`.`code` = ? LIMIT ? OFFSET ?
prisma:query INSERT INTO `main`.`records` (`id`, `codeId`, `ownerId`, `scanTime`, `ipAddress`, `userAgent`, `message`, `createdAt`) VALUES (?,?,?,?,?,?,?,?) RETURNING `id` AS `id`, `codeId` AS `codeId`, `ownerId` AS `ownerId`, `scanTime` AS `scanTime`, `ipAddress` AS `ipAddress`, `userAgent` AS `userAgent`, `location` AS `location`, `message` AS `message`, `createdAt` AS `createdAt`
prisma:query SELECT `main`.`Vehicle`.`id`, `main`.`Vehicle`.`ownerId`, `main`.`Vehicle`.`licensePlate`, `main`.`Vehicle`.`brand`, `main`.`Vehicle`.`model`, `main`.`Vehicle`.`color`, `main`.`Vehicle`.`dingtalkWebhook`, `main`.`Vehicle`.`dingtalkSign`, `main`.`Vehicle`.`dingtalkKeyword`, `main`.`Vehicle`.`dingtalkSecret`, `main`.`Vehicle`.`wechatWebhook`, `main`.`Vehicle`.`createdAt`, `main`.`Vehicle`.`updatedAt` FROM `main`.`Vehicle` WHERE (`main`.`Vehicle`.`id` = ? AND 1=1) LIMIT ? OFFSET ?
prisma:query SELECT `main`.`owners`.`id`, `main`.`owners`.`name` FROM `main`.`owners` WHERE `main`.`owners`.`id` IN (?) LIMIT ? OFFSET ?
prisma:query SELECT `main`.`Code`.`id`, `main`.`Code`.`vehicleId`, `main`.`Code`.`ownerId`, `main`.`Code`.`code`, `main`.`Code`.`isActive`, `main`.`Code`.`createdAt`, `main`.`Code`.`updatedAt`, `main`.`Code`.`expiredAt` FROM `main`.`Code` WHERE `main`.`Code`.`code` = ? LIMIT ? OFFSET ?
prisma:query INSERT INTO `main`.`records` (`id`, `codeId`, `ownerId`, `scanTime`, `ipAddress`, `userAgent`, `message`, `createdAt`) VALUES (?,?,?,?,?,?,?,?) RETURNING `id` AS `id`, `codeId` AS `codeId`, `ownerId` AS `ownerId`, `scanTime` AS `scanTime`, `ipAddress` AS `ipAddress`, `userAgent` AS `userAgent`, `location` AS `location`, `message` AS `message`, `createdAt` AS `createdAt`
prisma:query SELECT `main`.`Vehicle`.`id`, `main`.`Vehicle`.`ownerId`, `main`.`Vehicle`.`licensePlate`, `main`.`Vehicle`.`brand`, `main`.`Vehicle`.`model`, `main`.`Vehicle`.`color`, `main`.`Vehicle`.`dingtalkWebhook`, `main`.`Vehicle`.`dingtalkSign`, `main`.`Vehicle`.`dingtalkKeyword`, `main`.`Vehicle`.`dingtalkSecret`, `main`.`Vehicle`.`wechatWebhook`, `main`.`Vehicle`.`createdAt`, `main`.`Vehicle`.`updatedAt` FROM `main`.`Vehicle` WHERE (`main`.`Vehicle`.`id` = ? AND 1=1) LIMIT ? OFFSET ?
prisma:query SELECT `main`.`owners`.`id`, `main`.`owners`.`name` FROM `main`.`owners` WHERE `main`.`owners`.`id` IN (?) LIMIT ? OFFSET ?
prisma:query SELECT `main`.`Code`.`id`, `main`.`Code`.`vehicleId`, `main`.`Code`.`ownerId`, `main`.`Code`.`code`, `main`.`Code`.`isActive`, `main`.`Code`.`createdAt`, `main`.`Code`.`updatedAt`, `main`.`Code`.`expiredAt` FROM `main`.`Code` WHERE `main`.`Code`.`code` = ? LIMIT ? OFFSET ?
prisma:query INSERT INTO `main`.`records` (`id`, `codeId`, `ownerId`, `scanTime`, `ipAddress`, `userAgent`, `message`, `createdAt`) VALUES (?,?,?,?,?,?,?,?) RETURNING `id` AS `id`, `codeId` AS `codeId`, `ownerId` AS `ownerId`, `scanTime` AS `scanTime`, `ipAddress` AS `ipAddress`, `userAgent` AS `userAgent`, `location` AS `location`, `message` AS `message`, `createdAt` AS `createdAt`
prisma:query SELECT `main`.`Vehicle`.`id`, `main`.`Vehicle`.`ownerId`, `main`.`Vehicle`.`licensePlate`, `main`.`Vehicle`.`brand`, `main`.`Vehicle`.`model`, `main`.`Vehicle`.`color`, `main`.`Vehicle`.`dingtalkWebhook`, `main`.`Vehicle`.`dingtalkSign`, `main`.`Vehicle`.`dingtalkKeyword`, `main`.`Vehicle`.`dingtalkSecret`, `main`.`Vehicle`.`wechatWebhook`, `main`.`Vehicle`.`createdAt`, `main`.`Vehicle`.`updatedAt` FROM `main`.`Vehicle` WHERE (`main`.`Vehicle`.`id` = ? AND 1=1) LIMIT ? OFFSET ?
prisma:query SELECT `main`.`owners`.`id`, `main`.`owners`.`name` FROM `main`.`owners` WHERE `main`.`owners`.`id` IN (?) LIMIT ? OFFSET ?
prisma:query SELECT `main`.`Code`.`id`, `main`.`Code`.`vehicleId`, `main`.`Code`.`ownerId`, `main`.`Code`.`code`, `main`.`Code`.`isActive`, `main`.`Code`.`createdAt`, `main`.`Code`.`updatedAt`, `main`.`Code`.`expiredAt` FROM `main`.`Code` WHERE `main`.`Code`.`code` = ? LIMIT ? OFFSET ?
prisma:query INSERT INTO `main`.`records` (`id`, `codeId`, `ownerId`, `scanTime`, `ipAddress`, `userAgent`, `message`, `createdAt`) VALUES (?,?,?,?,?,?,?,?) RETURNING `id` AS `id`, `codeId` AS `codeId`, `ownerId` AS `ownerId`, `scanTime` AS `scanTime`, `ipAddress` AS `ipAddress`, `userAgent` AS `userAgent`, `location` AS `location`, `message` AS `message`, `createdAt` AS `createdAt`
prisma:query SELECT `main`.`Vehicle`.`id`, `main`.`Vehicle`.`ownerId`, `main`.`Vehicle`.`licensePlate`, `main`.`Vehicle`.`brand`, `main`.`Vehicle`.`model`, `main`.`Vehicle`.`color`, `main`.`Vehicle`.`dingtalkWebhook`, `main`.`Vehicle`.`dingtalkSign`, `main`.`Vehicle`.`dingtalkKeyword`, `main`.`Vehicle`.`dingtalkSecret`, `main`.`Vehicle`.`wechatWebhook`, `main`.`Vehicle`.`createdAt`, `main`.`Vehicle`.`updatedAt` FROM `main`.`Vehicle` WHERE (`main`.`Vehicle`.`id` = ? AND 1=1) LIMIT ? OFFSET ?
prisma:query SELECT `main`.`owners`.`id`, `main`.`owners`.`name` FROM `main`.`owners` WHERE `main`.`owners`.`id` IN (?) LIMIT ? OFFSET ?
prisma:query SELECT `main`.`Code`.`id`, `main`.`Code`.`vehicleId`, `main`.`Code`.`ownerId`, `main`.`Code`.`code`, `main`.`Code`.`isActive`, `main`.`Code`.`createdAt`, `main`.`Code`.`updatedAt`, `main`.`Code`.`expiredAt` FROM `main`.`Code` WHERE `main`.`Code`.`code` = ? LIMIT ? OFFSET ?
prisma:query INSERT INTO `main`.`records` (`id`, `codeId`, `ownerId`, `scanTime`, `ipAddress`, `userAgent`, `message`, `createdAt`) VALUES (?,?,?,?,?,?,?,?) RETURNING `id` AS `id`, `codeId` AS `codeId`, `ownerId` AS `ownerId`, `scanTime` AS `scanTime`, `ipAddress` AS `ipAddress`, `userAgent` AS `userAgent`, `location` AS `location`, `message` AS `message`, `createdAt` AS `createdAt`
prisma:query SELECT `main`.`Vehicle`.`id`, `main`.`Vehicle`.`ownerId`, `main`.`Vehicle`.`licensePlate`, `main`.`Vehicle`.`brand`, `main`.`Vehicle`.`model`, `main`.`Vehicle`.`color`, `main`.`Vehicle`.`dingtalkWebhook`, `main`.`Vehicle`.`dingtalkSign`, `main`.`Vehicle`.`dingtalkKeyword`, `main`.`Vehicle`.`dingtalkSecret`, `main`.`Vehicle`.`wechatWebhook`, `main`.`Vehicle`.`createdAt`, `main`.`Vehicle`.`updatedAt` FROM `main`.`Vehicle` WHERE (`main`.`Vehicle`.`id` = ? AND 1=1) LIMIT ? OFFSET ?
prisma:query SELECT `main`.`owners`.`id`, `main`.`owners`.`name` FROM `main`.`owners` WHERE `main`.`owners`.`id` IN (?) LIMIT ? OFFSET ?
prisma:query SELECT `main`.`Code`.`id`, `main`.`Code`.`vehicleId`, `main`.`Code`.`ownerId`, `main`.`Code`.`code`, `main`.`Code`.`isActive`, `main`.`Code`.`createdAt`, `main`.`Code`.`updatedAt`, `main`.`Code`.`expiredAt` FROM `main`.`Code` WHERE `main`.`Code`.`code` = ? LIMIT ? OFFSET ?
prisma:query INSERT INTO `main`.`records` (`id`, `codeId`, `ownerId`, `scanTime`, `ipAddress`, `userAgent`, `message`, `createdAt`) VALUES (?,?,?,?,?,?,?,?) RETURNING `id` AS `id`, `codeId` AS `codeId`, `ownerId` AS `ownerId`, `scanTime` AS `scanTime`, `ipAddress` AS `ipAddress`, `userAgent` AS `userAgent`, `location` AS `location`, `message` AS `message`, `createdAt` AS `createdAt`
prisma:query SELECT `main`.`Vehicle`.`id`, `main`.`Vehicle`.`ownerId`, `main`.`Vehicle`.`licensePlate`, `main`.`Vehicle`.`brand`, `main`.`Vehicle`.`model`, `main`.`Vehicle`.`color`, `main`.`Vehicle`.`dingtalkWebhook`, `main`.`Vehicle`.`dingtalkSign`, `main`.`Vehicle`.`dingtalkKeyword`, `main`.`Vehicle`.`dingtalkSecret`, `main`.`Vehicle`.`wechatWebhook`, `main`.`Vehicle`.`createdAt`, `main`.`Vehicle`.`updatedAt` FROM `main`.`Vehicle` WHERE (`main`.`Vehicle`.`id` = ? AND 1=1) LIMIT ? OFFSET ?
prisma:query SELECT `main`.`owners`.`id`, `main`.`owners`.`name` FROM `main`.`owners` WHERE `main`.`owners`.`id` IN (?) LIMIT ? OFFSET ?
prisma:query SELECT `main`.`Code`.`id`, `main`.`Code`.`vehicleId`, `main`.`Code`.`ownerId`, `main`.`Code`.`code`, `main`.`Code`.`isActive`, `main`.`Code`.`createdAt`, `main`.`Code`.`updatedAt`, `main`.`Code`.`expiredAt` FROM `main`.`Code` WHERE `main`.`Code`.`code` = ? LIMIT ? OFFSET ?
prisma:query INSERT INTO `main`.`records` (`id`, `codeId`, `ownerId`, `scanTime`, `ipAddress`, `userAgent`, `message`, `createdAt`) VALUES (?,?,?,?,?,?,?,?) RETURNING `id` AS `id`, `codeId` AS `codeId`, `ownerId` AS `ownerId`, `scanTime` AS `scanTime`, `ipAddress` AS `ipAddress`, `userAgent` AS `userAgent`, `location` AS `location`, `message` AS `message`, `createdAt` AS `createdAt`
prisma:query SELECT `main`.`Vehicle`.`id`, `main`.`Vehicle`.`ownerId`, `main`.`Vehicle`.`licensePlate`, `main`.`Vehicle`.`brand`, `main`.`Vehicle`.`model`, `main`.`Vehicle`.`color`, `main`.`Vehicle`.`dingtalkWebhook`, `main`.`Vehicle`.`dingtalkSign`, `main`.`Vehicle`.`dingtalkKeyword`, `main`.`Vehicle`.`dingtalkSecret`, `main`.`Vehicle`.`wechatWebhook`, `main`.`Vehicle`.`createdAt`, `main`.`Vehicle`.`updatedAt` FROM `main`.`Vehicle` WHERE (`main`.`Vehicle`.`id` = ? AND 1=1) LIMIT ? OFFSET ?
prisma:query SELECT `main`.`owners`.`id`, `main`.`owners`.`name` FROM `main`.`owners` WHERE `main`.`owners`.`id` IN (?) LIMIT ? OFFSET ?
prisma:query SELECT `main`.`Code`.`id`, `main`.`Code`.`vehicleId`, `main`.`Code`.`ownerId`, `main`.`Code`.`code`, `main`.`Code`.`isActive`, `main`.`Code`.`createdAt`, `main`.`Code`.`updatedAt`, `main`.`Code`.`expiredAt` FROM `main`.`Code` WHERE `main`.`Code`.`code` = ? LIMIT ? OFFSET ?
prisma:query INSERT INTO `main`.`records` (`id`, `codeId`, `ownerId`, `scanTime`, `ipAddress`, `userAgent`, `message`, `createdAt`) VALUES (?,?,?,?,?,?,?,?) RETURNING `id` AS `id`, `codeId` AS `codeId`, `ownerId` AS `ownerId`, `scanTime` AS `scanTime`, `ipAddress` AS `ipAddress`, `userAgent` AS `userAgent`, `location` AS `location`, `message` AS `message`, `createdAt` AS `createdAt`
prisma:query SELECT `main`.`Vehicle`.`id`, `main`.`Vehicle`.`ownerId`, `main`.`Vehicle`.`licensePlate`, `main`.`Vehicle`.`brand`, `main`.`Vehicle`.`model`, `main`.`Vehicle`.`color`, `main`.`Vehicle`.`dingtalkWebhook`, `main`.`Vehicle`.`dingtalkSign`, `main`.`Vehicle`.`dingtalkKeyword`, `main`.`Vehicle`.`dingtalkSecret`, `main`.`Vehicle`.`wechatWebhook`, `main`.`Vehicle`.`createdAt`, `main`.`Vehicle`.`updatedAt` FROM `main`.`Vehicle` WHERE (`main`.`Vehicle`.`id` = ? AND 1=1) LIMIT ? OFFSET ?
prisma:query SELECT `main`.`owners`.`id`, `main`.`owners`.`name` FROM `main`.`owners` WHERE `main`.`owners`.`id` IN (?) LIMIT ? OFFSET ?
prisma:query SELECT `main`.`Code`.`id`, `main`.`Code`.`vehicleId`, `main`.`Code`.`ownerId`, `main`.`Code`.`code`, `main`.`Code`.`isActive`, `main`.`Code`.`createdAt`, `main`.`Code`.`updatedAt`, `main`.`Code`.`expiredAt` FROM `main`.`Code` WHERE `main`.`Code`.`code` = ? LIMIT ? OFFSET ?
prisma:query INSERT INTO `main`.`records` (`id`, `codeId`, `ownerId`, `scanTime`, `ipAddress`, `userAgent`, `message`, `createdAt`) VALUES (?,?,?,?,?,?,?,?) RETURNING `id` AS `id`, `codeId` AS `codeId`, `ownerId` AS `ownerId`, `scanTime` AS `scanTime`, `ipAddress` AS `ipAddress`, `userAgent` AS `userAgent`, `location` AS `location`, `message` AS `message`, `createdAt` AS `createdAt`
prisma:query SELECT `main`.`Vehicle`.`id`, `main`.`Vehicle`.`ownerId`, `main`.`Vehicle`.`licensePlate`, `main`.`Vehicle`.`brand`, `main`.`Vehicle`.`model`, `main`.`Vehicle`.`color`, `main`.`Vehicle`.`dingtalkWebhook`, `main`.`Vehicle`.`dingtalkSign`, `main`.`Vehicle`.`dingtalkKeyword`, `main`.`Vehicle`.`dingtalkSecret`, `main`.`Vehicle`.`wechatWebhook`, `main`.`Vehicle`.`createdAt`, `main`.`Vehicle`.`updatedAt` FROM `main`.`Vehicle` WHERE (`main`.`Vehicle`.`id` = ? AND 1=1) LIMIT ? OFFSET ?
prisma:query SELECT `main`.`owners`.`id`, `main`.`owners`.`name` FROM `main`.`owners` WHERE `main`.`owners`.`id` IN (?) LIMIT ? OFFSET ?
prisma:query SELECT `main`.`Code`.`id`, `main`.`Code`.`vehicleId`, `main`.`Code`.`ownerId`, `main`.`Code`.`code`, `main`.`Code`.`isActive`, `main`.`Code`.`createdAt`, `main`.`Code`.`updatedAt`, `main`.`Code`.`expiredAt` FROM `main`.`Code` WHERE `main`.`Code`.`code` = ? LIMIT ? OFFSET ?
prisma:query INSERT INTO `main`.`records` (`id`, `codeId`, `ownerId`, `scanTime`, `ipAddress`, `userAgent`, `message`, `createdAt`) VALUES (?,?,?,?,?,?,?,?) RETURNING `id` AS `id`, `codeId` AS `codeId`, `ownerId` AS `ownerId`, `scanTime` AS `scanTime`, `ipAddress` AS `ipAddress`, `userAgent` AS `userAgent`, `location` AS `location`, `message` AS `message`, `createdAt` AS `createdAt`
prisma:query SELECT 1
prisma:query SELECT `main`.`Code`.`id`, `main`.`Code`.`vehicleId`, `main`.`Code`.`ownerId`, `main`.`Code`.`code`, `main`.`Code`.`isActive`, `main`.`Code`.`createdAt`, `main`.`Code`.`updatedAt`, `main`.`Code`.`expiredAt` FROM `main`.`Code` WHERE (`main`.`Code`.`id` = ? AND 1=1) LIMIT ? OFFSET ?
prisma:query SELECT `main`.`Vehicle`.`id`, `main`.`Vehicle`.`ownerId`, `main`.`Vehicle`.`licensePlate`, `main`.`Vehicle`.`brand`, `main`.`Vehicle`.`model`, `main`.`Vehicle`.`color`, `main`.`Vehicle`.`dingtalkWebhook`, `main`.`Vehicle`.`dingtalkSign`, `main`.`Vehicle`.`dingtalkKeyword`, `main`.`Vehicle`.`dingtalkSecret`, `main`.`Vehicle`.`wechatWebhook`, `main`.`Vehicle`.`createdAt`, `main`.`Vehicle`.`updatedAt` FROM `main`.`Vehicle` WHERE `main`.`Vehicle`.`id` IN (?) LIMIT ? OFFSET ?
prisma:query SELECT `main`.`owners`.`id`, `main`.`owners`.`name`, `main`.`owners`.`phone` FROM `main`.`owners` WHERE `main`.`owners`.`id` IN (?) LIMIT ? OFFSET ?
prisma:query SELECT `main`.`owners`.`id`, `main`.`owners`.`name`, `main`.`owners`.`phone` FROM `main`.`owners` WHERE `main`.`owners`.`id` IN (?) LIMIT ? OFFSET ?
prisma:query BEGIN IMMEDIATE
prisma:query UPDATE `main`.`Code` SET `isActive` = ?, `updatedAt` = ? WHERE (`main`.`Code`.`id` = ? AND 1=1) RETURNING `id` AS `id`, `vehicleId` AS `vehicleId`, `ownerId` AS `ownerId`, `code` AS `code`, `isActive` AS `isActive`, `createdAt` AS `createdAt`, `updatedAt` AS `updatedAt`, `expiredAt` AS `expiredAt`
prisma:query SELECT `main`.`Code`.`id`, `main`.`Code`.`vehicleId`, `main`.`Code`.`ownerId`, `main`.`Code`.`code`, `main`.`Code`.`isActive`, `main`.`Code`.`createdAt`, `main`.`Code`.`updatedAt`, `main`.`Code`.`expiredAt` FROM `main`.`Code` WHERE `main`.`Code`.`id` = ? LIMIT ? OFFSET ?
prisma:query SELECT `main`.`Vehicle`.`id`, `main`.`Vehicle`.`ownerId`, `main`.`Vehicle`.`licensePlate`, `main`.`Vehicle`.`brand`, `main`.`Vehicle`.`model`, `main`.`Vehicle`.`color`, `main`.`Vehicle`.`dingtalkWebhook`, `main`.`Vehicle`.`dingtalkSign`, `main`.`Vehicle`.`dingtalkKeyword`, `main`.`Vehicle`.`dingtalkSecret`, `main`.`Vehicle`.`wechatWebhook`, `main`.`Vehicle`.`createdAt`, `main`.`Vehicle`.`updatedAt` FROM `main`.`Vehicle` WHERE `main`.`Vehicle`.`id` IN (?) LIMIT ? OFFSET ?
prisma:query SELECT `main`.`owners`.`id`, `main`.`owners`.`name`, `main`.`owners`.`phone` FROM `main`.`owners` WHERE `main`.`owners`.`id` IN (?) LIMIT ? OFFSET ?
prisma:query SELECT `main`.`owners`.`id`, `main`.`owners`.`name`, `main`.`owners`.`phone` FROM `main`.`owners` WHERE `main`.`owners`.`id` IN (?) LIMIT ? OFFSET ?
prisma:query COMMIT
prisma:query SELECT 1
prisma:query SELECT `main`.`Code`.`id`, `main`.`Code`.`vehicleId`, `main`.`Code`.`ownerId`, `main`.`Code`.`code`, `main`.`Code`.`isActive`, `main`.`Code`.`createdAt`, `main`.`Code`.`updatedAt`, `main`.`Code`.`expiredAt` FROM `main`.`Code` WHERE (`main`.`Code`.`code` = ? AND 1=1) LIMIT ? OFFSET ?
prisma:query SELECT `main`.`Vehicle`.`id`, `main`.`Vehicle`.`ownerId`, `main`.`Vehicle`.`licensePlate`, `main`.`Vehicle`.`brand`, `main`.`Vehicle`.`model`, `main`.`Vehicle`.`color`, `main`.`Vehicle`.`dingtalkWebhook`, `main`.`Vehicle`.`dingtalkSign`, `main`.`Vehicle`.`dingtalkKeyword`, `main`.`Vehicle`.`dingtalkSecret`, `main`.`Vehicle`.`wechatWebhook`, `main`.`Vehicle`.`createdAt`, `main`.`Vehicle`.`updatedAt` FROM `main`.`Vehicle` WHERE `main`.`Vehicle`.`id` IN (?) LIMIT ? OFFSET ?
prisma:query SELECT `main`.`owners`.`id`, `main`.`owners`.`phone`, `main`.`owners`.`name` FROM `main`.`owners` WHERE `main`.`owners`.`id` IN (?) LIMIT ? OFFSET ?
prisma:query SELECT 1
prisma:query SELECT `main`.`Code`.`id`, `main`.`Code`.`vehicleId`, `main`.`Code`.`ownerId`, `main`.`Code`.`code`, `main`.`Code`.`isActive`, `main`.`Code`.`createdAt`, `main`.`Code`.`updatedAt`, `main`.`Code`.`expiredAt` FROM `main`.`Code` WHERE (`main`.`Code`.`id` = ? AND 1=1) LIMIT ? OFFSET ?
prisma:query SELECT `main`.`Vehicle`.`id`, `main`.`Vehicle`.`ownerId`, `main`.`Vehicle`.`licensePlate`, `main`.`Vehicle`.`brand`, `main`.`Vehicle`.`model`, `main`.`Vehicle`.`color`, `main`.`Vehicle`.`dingtalkWebhook`, `main`.`Vehicle`.`dingtalkSign`, `main`.`Vehicle`.`dingtalkKeyword`, `main`.`Vehicle`.`dingtalkSecret`, `main`.`Vehicle`.`wechatWebhook`, `main`.`Vehicle`.`createdAt`, `main`.`Vehicle`.`updatedAt` FROM `main`.`Vehicle` WHERE `main`.`Vehicle`.`id` IN (?) LIMIT ? OFFSET ?
prisma:query SELECT `main`.`owners`.`id`, `main`.`owners`.`name`, `main`.`owners`.`phone` FROM `main`.`owners` WHERE `main`.`owners`.`id` IN (?) LIMIT ? OFFSET ?
prisma:query SELECT `main`.`owners`.`id`, `main`.`owners`.`name`, `main`.`owners`.`phone` FROM `main`.`owners` WHERE `main`.`owners`.`id` IN (?) LIMIT ? OFFSET ?
prisma:query BEGIN IMMEDIATE
prisma:query UPDATE `main`.`Code` SET `isActive` = ?, `updatedAt` = ? WHERE (`main`.`Code`.`id` = ? AND 1=1) RETURNING `id` AS `id`, `vehicleId` AS `vehicleId`, `ownerId` AS `ownerId`, `code` AS `code`, `isActive` AS `isActive`, `createdAt` AS `createdAt`, `updatedAt` AS `updatedAt`, `expiredAt` AS `expiredAt`
prisma:query SELECT `main`.`Code`.`id`, `main`.`Code`.`vehicleId`, `main`.`Code`.`ownerId`, `main`.`Code`.`code`, `main`.`Code`.`isActive`, `main`.`Code`.`createdAt`, `main`.`Code`.`updatedAt`, `main`.`Code`.`expiredAt` FROM `main`.`Code` WHERE `main`.`Code`.`id` = ? LIMIT ? OFFSET ?
prisma:query SELECT `main`.`Vehicle`.`id`, `main`.`Vehicle`.`ownerId`, `main`.`Vehicle`.`licensePlate`, `main`.`Vehicle`.`brand`, `main`.`Vehicle`.`model`, `main`.`Vehicle`.`color`, `main`.`Vehicle`.`dingtalkWebhook`, `main`.`Vehicle`.`dingtalkSign`, `main`.`Vehicle`.`dingtalkKeyword`, `main`.`Vehicle`.`dingtalkSecret`, `main`.`Vehicle`.`wechatWebhook`, `main`.`Vehicle`.`createdAt`, `main`.`Vehicle`.`updatedAt` FROM `main`.`Vehicle` WHERE `main`.`Vehicle`.`id` IN (?) LIMIT ? OFFSET ?
prisma:query SELECT `main`.`owners`.`id`, `main`.`owners`.`name`, `main`.`owners`.`phone` FROM `main`.`owners` WHERE `main`.`owners`.`id` IN (?) LIMIT ? OFFSET ?
prisma:query SELECT `main`.`owners`.`id`, `main`.`owners`.`name`, `main`.`owners`.`phone` FROM `main`.`owners` WHERE `main`.`owners`.`id` IN (?) LIMIT ? OFFSET ?
prisma:query COMMIT
